[aiter] import [module_aiter_core] under /sgl-workspace/aiter/aiter/jit/module_aiter_core.so
Not exist tuned file: /home/ethany/tuning_workspace/experiment_standalone/hold_qwen35_397b_a17b_mxfp4_tuning/analysis/fmoe/tuned_full.csv
      gfx  cu_num  token  ...              q_type  use_g1u1  doweight_stage1
0  gfx950     256     64  ...  QuantType.per_1x32         1                0
1  gfx950     256  16384  ...  QuantType.per_1x32         1                0

[2 rows x 14 columns]

Start tuning ['gfx950' 256 64 4096 256 512 10 'ActivationType.Silu' 'torch.bfloat16'
 'torch.float4_e2m1fn_x2' 'torch.float4_e2m1fn_x2' 'QuantType.per_1x32' 1
 0]
ASM kernel list file not exist: /sgl-workspace/aiter/hsa/gfx950/fmoe_2stages/fmoe_stage1_bf16_pertoken_g1u1.csv
not support No Quant Silu G1U0 1 stage or per_1x32 quant tuning!
stage1 asm tasks is 0, tasks_ck is 844, task_1stage is 0

Start tuning ['gfx950' 256 16384 4096 256 512 10 'ActivationType.Silu' 'torch.bfloat16'
 'torch.float4_e2m1fn_x2' 'torch.float4_e2m1fn_x2' 'QuantType.per_1x32' 1
 0]
ASM kernel list file not exist: /sgl-workspace/aiter/hsa/gfx950/fmoe_2stages/fmoe_stage1_bf16_pertoken_g1u1.csv
not support No Quant Silu G1U0 1 stage or per_1x32 quant tuning!
stage1 asm tasks is 0, tasks_ck is 1688, task_1stage is 0
Distributing 1688 task groups across 4 GPUs
[aiter] import [module_aiter_core] under /sgl-workspace/aiter/aiter/jit/module_aiter_core.so
[aiter] import [module_aiter_core] under /sgl-workspace/aiter/aiter/jit/module_aiter_core.so
[aiter] import [module_aiter_core] under /sgl-workspace/aiter/aiter/jit/module_aiter_core.so
[aiter] import [module_aiter_core] under /sgl-workspace/aiter/aiter/jit/module_aiter_core.so
[aiter] import [module_moe_asm] under /sgl-workspace/aiter/aiter/jit/module_moe_asm.so
[aiter] import [module_moe_sorting_opus] under /sgl-workspace/aiter/aiter/jit/module_moe_sorting_opus.so
[aiter] import [module_moe_asm] under /sgl-workspace/aiter/aiter/jit/module_moe_asm.so
[aiter] import [module_moe_sorting_opus] under /sgl-workspace/aiter/aiter/jit/module_moe_sorting_opus.so
[aiter] import [module_moe_asm] under /sgl-workspace/aiter/aiter/jit/module_moe_asm.so
[aiter] import [module_moe_asm] under /sgl-workspace/aiter/aiter/jit/module_moe_asm.so
[aiter] import [module_moe_sorting_opus] under /sgl-workspace/aiter/aiter/jit/module_moe_sorting_opus.so
[aiter] import [module_moe_sorting_opus] under /sgl-workspace/aiter/aiter/jit/module_moe_sorting_opus.so
[aiter] import [module_moe_ck2stages_fp4x2_fp4x2_preshuffle_on_b16_silu_per_1x32_mulWeightStage2] under /sgl-workspace/aiter/aiter/jit/module_moe_ck2stages_fp4x2_fp4x2_preshuffle_on_b16_silu_per_1x32_mulWeightStage2.so
[aiter] type hints mismatch, override to --> ck_moe_stage2(inter_states: torch.Tensor, w1: torch.Tensor, w2: torch.Tensor, sorted_token_ids: torch.Tensor, sorted_expert_ids: torch.Tensor, num_valid_ids: torch.Tensor, out: torch.Tensor, topk: int, kernelName: str = None, w2_scale: Optional[torch.Tensor] = None, a2_scale: Optional[torch.Tensor] = None, block_m: Optional[int] = 32, sorted_weights: Optional[torch.Tensor] = None, quant_type: int = 0, activation: int = 0, splitk: Optional[int] = 1, non_temporal_load: bool = False, dst_type: Optional[str] = None, is_shuffled: bool = True) -> None
[W820 14:59:06.152765841 collection.cpp:1133] Warning: ROCTracer produced duplicate flow start: 1 (function operator())
[aiter] import [module_moe_ck2stages_fp4x2_fp4x2_preshuffle_on_b16_silu_per_1x32_mulWeightStage2] under /sgl-workspace/aiter/aiter/jit/module_moe_ck2stages_fp4x2_fp4x2_preshuffle_on_b16_silu_per_1x32_mulWeightStage2.so
[aiter] type hints mismatch, override to --> ck_moe_stage2(inter_states: torch.Tensor, w1: torch.Tensor, w2: torch.Tensor, sorted_token_ids: torch.Tensor, sorted_expert_ids: torch.Tensor, num_valid_ids: torch.Tensor, out: torch.Tensor, topk: int, kernelName: str = None, w2_scale: Optional[torch.Tensor] = None, a2_scale: Optional[torch.Tensor] = None, block_m: Optional[int] = 32, sorted_weights: Optional[torch.Tensor] = None, quant_type: int = 0, activation: int = 0, splitk: Optional[int] = 1, non_temporal_load: bool = False, dst_type: Optional[str] = None, is_shuffled: bool = True) -> None
[W820 14:59:06.257914895 collection.cpp:1133] Warning: ROCTracer produced duplicate flow start: 1 (function operator())
[aiter] import [module_moe_ck2stages_fp4x2_fp4x2_preshuffle_on_b16_silu_per_1x32_mulWeightStage2] under /sgl-workspace/aiter/aiter/jit/module_moe_ck2stages_fp4x2_fp4x2_preshuffle_on_b16_silu_per_1x32_mulWeightStage2.so
[aiter] type hints mismatch, override to --> ck_moe_stage1(hidden_states: torch.Tensor, w1: torch.Tensor, w2: torch.Tensor, sorted_token_ids: torch.Tensor, sorted_expert_ids: torch.Tensor, num_valid_ids: torch.Tensor, out: torch.Tensor, topk: int, kernelName: str = None, w1_scale: Optional[torch.Tensor] = None, a1_scale: Optional[torch.Tensor] = None, block_m: Optional[int] = 32, sorted_weights: Optional[torch.Tensor] = None, quant_type: int = 0, activation: int = 0, splitk: Optional[int] = 1, non_temporal_load: bool = False, dst_type: Optional[str] = None, is_shuffled: bool = True) -> None
[aiter] import [module_moe_ck2stages_fp4x2_fp4x2_preshuffle_on_b16_silu_per_1x32_mulWeightStage2] under /sgl-workspace/aiter/aiter/jit/module_moe_ck2stages_fp4x2_fp4x2_preshuffle_on_b16_silu_per_1x32_mulWeightStage2.so
[aiter] type hints mismatch, override to --> ck_moe_stage1(hidden_states: torch.Tensor, w1: torch.Tensor, w2: torch.Tensor, sorted_token_ids: torch.Tensor, sorted_expert_ids: torch.Tensor, num_valid_ids: torch.Tensor, out: torch.Tensor, topk: int, kernelName: str = None, w1_scale: Optional[torch.Tensor] = None, a1_scale: Optional[torch.Tensor] = None, block_m: Optional[int] = 32, sorted_weights: Optional[torch.Tensor] = None, quant_type: int = 0, activation: int = 0, splitk: Optional[int] = 1, non_temporal_load: bool = False, dst_type: Optional[str] = None, is_shuffled: bool = True) -> None
[W820 14:59:06.350972124 collection.cpp:1133] Warning: ROCTracer produced duplicate flow start: 9 (function operator())
[aiter] type hints mismatch, override to --> ck_moe_stage1(hidden_states: torch.Tensor, w1: torch.Tensor, w2: torch.Tensor, sorted_token_ids: torch.Tensor, sorted_expert_ids: torch.Tensor, num_valid_ids: torch.Tensor, out: torch.Tensor, topk: int, kernelName: str = None, w1_scale: Optional[torch.Tensor] = None, a1_scale: Optional[torch.Tensor] = None, block_m: Optional[int] = 32, sorted_weights: Optional[torch.Tensor] = None, quant_type: int = 0, activation: int = 0, splitk: Optional[int] = 1, non_temporal_load: bool = False, dst_type: Optional[str] = None, is_shuffled: bool = True) -> None
[W820 14:59:06.377444164 collection.cpp:1133] Warning: ROCTracer produced duplicate flow start: 9 (function operator())
[aiter] type hints mismatch, override to --> ck_moe_stage2(inter_states: torch.Tensor, w1: torch.Tensor, w2: torch.Tensor, sorted_token_ids: torch.Tensor, sorted_expert_ids: torch.Tensor, num_valid_ids: torch.Tensor, out: torch.Tensor, topk: int, kernelName: str = None, w2_scale: Optional[torch.Tensor] = None, a2_scale: Optional[torch.Tensor] = None, block_m: Optional[int] = 32, sorted_weights: Optional[torch.Tensor] = None, quant_type: int = 0, activation: int = 0, splitk: Optional[int] = 1, non_temporal_load: bool = False, dst_type: Optional[str] = None, is_shuffled: bool = True) -> None
[aiter] type hints mismatch, override to --> ck_moe_stage2(inter_states: torch.Tensor, w1: torch.Tensor, w2: torch.Tensor, sorted_token_ids: torch.Tensor, sorted_expert_ids: torch.Tensor, num_valid_ids: torch.Tensor, out: torch.Tensor, topk: int, kernelName: str = None, w2_scale: Optional[torch.Tensor] = None, a2_scale: Optional[torch.Tensor] = None, block_m: Optional[int] = 32, sorted_weights: Optional[torch.Tensor] = None, quant_type: int = 0, activation: int = 0, splitk: Optional[int] = 1, non_temporal_load: bool = False, dst_type: Optional[str] = None, is_shuffled: bool = True) -> None
/sgl-workspace/aiter/csrc/ck_gemm_moe_2stages_codegen/gemm_moe_tune.py:4227: SettingWithCopyWarning: 
A value is trying to be set on a copy of a slice from a DataFrame.
Try using .loc[row_indexer,col_indexer] = value instead

See the caveats in the documentation: https://pandas.pydata.org/pandas-docs/stable/user_guide/indexing.html#returning-a-view-versus-a-copy
  profileDF["_is_fused"] = (
[W820 15:04:59.688666159 collection.cpp:1133] Warning: ROCTracer produced duplicate flow start: 6 (function operator())
/sgl-workspace/aiter/csrc/ck_gemm_moe_2stages_codegen/gemm_moe_tune.py:4736: FutureWarning: The behavior of DataFrame concatenation with empty or all-NA entries is deprecated. In a future version, this will no longer exclude empty or all-NA columns when determining the result dtypes. To retain the old behavior, exclude the relevant entries before the concat operation.
  tmpprofileDF = pd.concat([old_df, profileDF], ignore_index=True)
/sgl-workspace/aiter/csrc/ck_gemm_moe_2stages_codegen/gemm_moe_tune.py:4227: SettingWithCopyWarning: 
A value is trying to be set on a copy of a slice from a DataFrame.
Try using .loc[row_indexer,col_indexer] = value instead

See the caveats in the documentation: https://pandas.pydata.org/pandas-docs/stable/user_guide/indexing.html#returning-a-view-versus-a-copy
  profileDF["_is_fused"] = (
/sgl-workspace/aiter/csrc/ck_gemm_moe_2stages_codegen/gemm_moe_tune.py:4755: FutureWarning: The behavior of DataFrame concatenation with empty or all-NA entries is deprecated. In a future version, this will no longer exclude empty or all-NA columns when determining the result dtypes. To retain the old behavior, exclude the relevant entries before the concat operation.
  profile_result = pd.concat([old_profile, profile_result])
/sgl-workspace/aiter/csrc/ck_gemm_moe_2stages_codegen/gemm_moe_tune.py:4110: FutureWarning: Downcasting object dtype arrays on .fillna, .ffill, .bfill is deprecated and will change in a future version. Call result.infer_objects(copy=False) instead. To opt-in to the future behavior, set `pd.set_option('future.no_silent_downcasting', True)`
  resultdf["xbf16"] = resultdf["xbf16"].fillna(0).astype(int)
/sgl-workspace/aiter/csrc/ck_gemm_moe_2stages_codegen/gemm_moe_tune.py:4113: FutureWarning: Downcasting object dtype arrays on .fillna, .ffill, .bfill is deprecated and will change in a future version. Call result.infer_objects(copy=False) instead. To opt-in to the future behavior, set `pd.set_option('future.no_silent_downcasting', True)`
  resultdf["flat"] = resultdf["flat"].fillna(0).astype(int)
[aiter] processed 1 batches of 1, Processing Status ====> 100.0% tuned in fmoeTuner
[aiter] ============= Tuning results Summary: ==============
[aiter] Tuning Finished. tune 2 shapes, total tuning time is 364.608 seconds
[aiter] Successfully tuned shapes:
Waiting for 1688 tasks to complete (no timeout limit)...

[tune] 96 of 1688 tasks failed:
  task 98: stage1 flydsl_moe1_afp4_wfp4_bf16_t32x32x256_w3_kb7_bnt0_fp4 blockM=32 -> crash/error
  task 99: stage1 flydsl_moe1_afp4_wfp4_bf16_t32x32x256_w3_kb7_bnt0_xcd4_fp4 blockM=32 -> crash/error
  task 100: stage1 flydsl_moe1_afp4_wfp4_bf16_t32x32x256_w3_kb7_bnt0_go_fp4 blockM=32 -> crash/error
  task 101: stage1 flydsl_moe1_afp4_wfp4_bf16_t32x32x256_w3_kb7_bnt0_go_xcd4_fp4 blockM=32 -> crash/error
  task 102: stage1 flydsl_moe1_afp4_wfp4_bf16_t32x32x256_w3_kb7_fp4 blockM=32 -> crash/error
  task 103: stage1 flydsl_moe1_afp4_wfp4_bf16_t32x32x256_w3_kb7_xcd4_fp4 blockM=32 -> crash/error
  task 104: stage1 flydsl_moe1_afp4_wfp4_bf16_t32x32x256_w3_kb7_go_fp4 blockM=32 -> crash/error
  task 105: stage1 flydsl_moe1_afp4_wfp4_bf16_t32x32x256_w3_kb7_go_xcd4_fp4 blockM=32 -> crash/error
  task 106: stage1 flydsl_moe1_afp4_wfp4_bf16_t32x32x256_w3_kb14_bnt0_fp4 blockM=32 -> crash/error
  task 107: stage1 flydsl_moe1_afp4_wfp4_bf16_t32x32x256_w3_kb14_bnt0_xcd4_fp4 blockM=32 -> crash/error
  task 108: stage1 flydsl_moe1_afp4_wfp4_bf16_t32x32x256_w3_kb14_bnt0_go_fp4 blockM=32 -> crash/error
  task 109: stage1 flydsl_moe1_afp4_wfp4_bf16_t32x32x256_w3_kb14_bnt0_go_xcd4_fp4 blockM=32 -> crash/error
  task 110: stage1 flydsl_moe1_afp4_wfp4_bf16_t32x32x256_w3_kb14_fp4 blockM=32 -> crash/error
  task 111: stage1 flydsl_moe1_afp4_wfp4_bf16_t32x32x256_w3_kb14_xcd4_fp4 blockM=32 -> crash/error
  task 112: stage1 flydsl_moe1_afp4_wfp4_bf16_t32x32x256_w3_kb14_go_fp4 blockM=32 -> crash/error
  task 113: stage1 flydsl_moe1_afp4_wfp4_bf16_t32x32x256_w3_kb14_go_xcd4_fp4 blockM=32 -> crash/error
  task 226: stage1 flydsl_moe1_afp4_wfp4_bf16_t32x64x256_w3_kb7_bnt0_fp4 blockM=32 -> crash/error
  task 227: stage1 flydsl_moe1_afp4_wfp4_bf16_t32x64x256_w3_kb7_bnt0_xcd4_fp4 blockM=32 -> crash/error
  task 228: stage1 flydsl_moe1_afp4_wfp4_bf16_t32x64x256_w3_kb7_bnt0_go_fp4 blockM=32 -> crash/error
  task 229: stage1 flydsl_moe1_afp4_wfp4_bf16_t32x64x256_w3_kb7_bnt0_go_xcd4_fp4 blockM=32 -> crash/error
  task 230: stage1 flydsl_moe1_afp4_wfp4_bf16_t32x64x256_w3_kb7_fp4 blockM=32 -> crash/error
  task 231: stage1 flydsl_moe1_afp4_wfp4_bf16_t32x64x256_w3_kb7_xcd4_fp4 blockM=32 -> crash/error
  task 232: stage1 flydsl_moe1_afp4_wfp4_bf16_t32x64x256_w3_kb7_go_fp4 blockM=32 -> crash/error
  task 233: stage1 flydsl_moe1_afp4_wfp4_bf16_t32x64x256_w3_kb7_go_xcd4_fp4 blockM=32 -> crash/error
  task 234: stage1 flydsl_moe1_afp4_wfp4_bf16_t32x64x256_w3_kb14_bnt0_fp4 blockM=32 -> crash/error
  task 235: stage1 flydsl_moe1_afp4_wfp4_bf16_t32x64x256_w3_kb14_bnt0_xcd4_fp4 blockM=32 -> crash/error
  task 236: stage1 flydsl_moe1_afp4_wfp4_bf16_t32x64x256_w3_kb14_bnt0_go_fp4 blockM=32 -> crash/error
  task 237: stage1 flydsl_moe1_afp4_wfp4_bf16_t32x64x256_w3_kb14_bnt0_go_xcd4_fp4 blockM=32 -> crash/error
  task 238: stage1 flydsl_moe1_afp4_wfp4_bf16_t32x64x256_w3_kb14_fp4 blockM=32 -> crash/error
  task 239: stage1 flydsl_moe1_afp4_wfp4_bf16_t32x64x256_w3_kb14_xcd4_fp4 blockM=32 -> crash/error
  task 240: stage1 flydsl_moe1_afp4_wfp4_bf16_t32x64x256_w3_kb14_go_fp4 blockM=32 -> crash/error
  task 241: stage1 flydsl_moe1_afp4_wfp4_bf16_t32x64x256_w3_kb14_go_xcd4_fp4 blockM=32 -> crash/error
  task 306: stage1 flydsl_moe1_afp4_wfp4_bf16_t32x128x256_w3_kb7_bnt0_fp4 blockM=32 -> crash/error
  task 307: stage1 flydsl_moe1_afp4_wfp4_bf16_t32x128x256_w3_kb7_bnt0_xcd4_fp4 blockM=32 -> crash/error
  task 308: stage1 flydsl_moe1_afp4_wfp4_bf16_t32x128x256_w3_kb7_bnt0_go_fp4 blockM=32 -> crash/error
  task 309: stage1 flydsl_moe1_afp4_wfp4_bf16_t32x128x256_w3_kb7_bnt0_go_xcd4_fp4 blockM=32 -> crash/error
  task 310: stage1 flydsl_moe1_afp4_wfp4_bf16_t32x128x256_w3_kb7_fp4 blockM=32 -> crash/error
  task 311: stage1 flydsl_moe1_afp4_wfp4_bf16_t32x128x256_w3_kb7_xcd4_fp4 blockM=32 -> crash/error
  task 312: stage1 flydsl_moe1_afp4_wfp4_bf16_t32x128x256_w3_kb7_go_fp4 blockM=32 -> crash/error
  task 313: stage1 flydsl_moe1_afp4_wfp4_bf16_t32x128x256_w3_kb7_go_xcd4_fp4 blockM=32 -> crash/error
  task 314: stage1 flydsl_moe1_afp4_wfp4_bf16_t32x128x256_w3_kb14_bnt0_fp4 blockM=32 -> crash/error
  task 315: stage1 flydsl_moe1_afp4_wfp4_bf16_t32x128x256_w3_kb14_bnt0_xcd4_fp4 blockM=32 -> crash/error
  task 316: stage1 flydsl_moe1_afp4_wfp4_bf16_t32x128x256_w3_kb14_bnt0_go_fp4 blockM=32 -> crash/error
  task 317: stage1 flydsl_moe1_afp4_wfp4_bf16_t32x128x256_w3_kb14_bnt0_go_xcd4_fp4 blockM=32 -> crash/error
  task 318: stage1 flydsl_moe1_afp4_wfp4_bf16_t32x128x256_w3_kb14_fp4 blockM=32 -> crash/error
  task 319: stage1 flydsl_moe1_afp4_wfp4_bf16_t32x128x256_w3_kb14_xcd4_fp4 blockM=32 -> crash/error
  task 320: stage1 flydsl_moe1_afp4_wfp4_bf16_t32x128x256_w3_kb14_go_fp4 blockM=32 -> crash/error
  task 321: stage1 flydsl_moe1_afp4_wfp4_bf16_t32x128x256_w3_kb14_go_xcd4_fp4 blockM=32 -> crash/error
  task 942: stage1 flydsl_moe1_afp4_wfp4_bf16_t32x32x256_w3_kb7_bnt0_fp4 blockM=32 -> crash/error
  task 943: stage1 flydsl_moe1_afp4_wfp4_bf16_t32x32x256_w3_kb7_bnt0_xcd4_fp4 blockM=32 -> crash/error
  task 944: stage1 flydsl_moe1_afp4_wfp4_bf16_t32x32x256_w3_kb7_bnt0_go_fp4 blockM=32 -> crash/error
  task 945: stage1 flydsl_moe1_afp4_wfp4_bf16_t32x32x256_w3_kb7_bnt0_go_xcd4_fp4 blockM=32 -> crash/error
  task 946: stage1 flydsl_moe1_afp4_wfp4_bf16_t32x32x256_w3_kb7_fp4 blockM=32 -> crash/error
  task 947: stage1 flydsl_moe1_afp4_wfp4_bf16_t32x32x256_w3_kb7_xcd4_fp4 blockM=32 -> crash/error
  task 948: stage1 flydsl_moe1_afp4_wfp4_bf16_t32x32x256_w3_kb7_go_fp4 blockM=32 -> crash/error
  task 949: stage1 flydsl_moe1_afp4_wfp4_bf16_t32x32x256_w3_kb7_go_xcd4_fp4 blockM=32 -> crash/error
  task 950: stage1 flydsl_moe1_afp4_wfp4_bf16_t32x32x256_w3_kb14_bnt0_fp4 blockM=32 -> crash/error
  task 951: stage1 flydsl_moe1_afp4_wfp4_bf16_t32x32x256_w3_kb14_bnt0_xcd4_fp4 blockM=32 -> crash/error
  task 952: stage1 flydsl_moe1_afp4_wfp4_bf16_t32x32x256_w3_kb14_bnt0_go_fp4 blockM=32 -> crash/error
  task 953: stage1 flydsl_moe1_afp4_wfp4_bf16_t32x32x256_w3_kb14_bnt0_go_xcd4_fp4 blockM=32 -> crash/error
  task 954: stage1 flydsl_moe1_afp4_wfp4_bf16_t32x32x256_w3_kb14_fp4 blockM=32 -> crash/error
  task 955: stage1 flydsl_moe1_afp4_wfp4_bf16_t32x32x256_w3_kb14_xcd4_fp4 blockM=32 -> crash/error
  task 956: stage1 flydsl_moe1_afp4_wfp4_bf16_t32x32x256_w3_kb14_go_fp4 blockM=32 -> crash/error
  task 957: stage1 flydsl_moe1_afp4_wfp4_bf16_t32x32x256_w3_kb14_go_xcd4_fp4 blockM=32 -> crash/error
  task 1070: stage1 flydsl_moe1_afp4_wfp4_bf16_t32x64x256_w3_kb7_bnt0_fp4 blockM=32 -> crash/error
  task 1071: stage1 flydsl_moe1_afp4_wfp4_bf16_t32x64x256_w3_kb7_bnt0_xcd4_fp4 blockM=32 -> crash/error
  task 1072: stage1 flydsl_moe1_afp4_wfp4_bf16_t32x64x256_w3_kb7_bnt0_go_fp4 blockM=32 -> crash/error
  task 1073: stage1 flydsl_moe1_afp4_wfp4_bf16_t32x64x256_w3_kb7_bnt0_go_xcd4_fp4 blockM=32 -> crash/error
  task 1074: stage1 flydsl_moe1_afp4_wfp4_bf16_t32x64x256_w3_kb7_fp4 blockM=32 -> crash/error
  task 1075: stage1 flydsl_moe1_afp4_wfp4_bf16_t32x64x256_w3_kb7_xcd4_fp4 blockM=32 -> crash/error
  task 1076: stage1 flydsl_moe1_afp4_wfp4_bf16_t32x64x256_w3_kb7_go_fp4 blockM=32 -> crash/error
  task 1077: stage1 flydsl_moe1_afp4_wfp4_bf16_t32x64x256_w3_kb7_go_xcd4_fp4 blockM=32 -> crash/error
  task 1078: stage1 flydsl_moe1_afp4_wfp4_bf16_t32x64x256_w3_kb14_bnt0_fp4 blockM=32 -> crash/error
  task 1079: stage1 flydsl_moe1_afp4_wfp4_bf16_t32x64x256_w3_kb14_bnt0_xcd4_fp4 blockM=32 -> crash/error
  task 1080: stage1 flydsl_moe1_afp4_wfp4_bf16_t32x64x256_w3_kb14_bnt0_go_fp4 blockM=32 -> crash/error
  task 1081: stage1 flydsl_moe1_afp4_wfp4_bf16_t32x64x256_w3_kb14_bnt0_go_xcd4_fp4 blockM=32 -> crash/error
  task 1082: stage1 flydsl_moe1_afp4_wfp4_bf16_t32x64x256_w3_kb14_fp4 blockM=32 -> crash/error
  task 1083: stage1 flydsl_moe1_afp4_wfp4_bf16_t32x64x256_w3_kb14_xcd4_fp4 blockM=32 -> crash/error
  task 1084: stage1 flydsl_moe1_afp4_wfp4_bf16_t32x64x256_w3_kb14_go_fp4 blockM=32 -> crash/error
  task 1085: stage1 flydsl_moe1_afp4_wfp4_bf16_t32x64x256_w3_kb14_go_xcd4_fp4 blockM=32 -> crash/error
  task 1150: stage1 flydsl_moe1_afp4_wfp4_bf16_t32x128x256_w3_kb7_bnt0_fp4 blockM=32 -> crash/error
  task 1151: stage1 flydsl_moe1_afp4_wfp4_bf16_t32x128x256_w3_kb7_bnt0_xcd4_fp4 blockM=32 -> crash/error
  task 1152: stage1 flydsl_moe1_afp4_wfp4_bf16_t32x128x256_w3_kb7_bnt0_go_fp4 blockM=32 -> crash/error
  task 1153: stage1 flydsl_moe1_afp4_wfp4_bf16_t32x128x256_w3_kb7_bnt0_go_xcd4_fp4 blockM=32 -> crash/error
  task 1154: stage1 flydsl_moe1_afp4_wfp4_bf16_t32x128x256_w3_kb7_fp4 blockM=32 -> crash/error
  task 1155: stage1 flydsl_moe1_afp4_wfp4_bf16_t32x128x256_w3_kb7_xcd4_fp4 blockM=32 -> crash/error
  task 1156: stage1 flydsl_moe1_afp4_wfp4_bf16_t32x128x256_w3_kb7_go_fp4 blockM=32 -> crash/error
  task 1157: stage1 flydsl_moe1_afp4_wfp4_bf16_t32x128x256_w3_kb7_go_xcd4_fp4 blockM=32 -> crash/error
  task 1158: stage1 flydsl_moe1_afp4_wfp4_bf16_t32x128x256_w3_kb14_bnt0_fp4 blockM=32 -> crash/error
  task 1159: stage1 flydsl_moe1_afp4_wfp4_bf16_t32x128x256_w3_kb14_bnt0_xcd4_fp4 blockM=32 -> crash/error
  task 1160: stage1 flydsl_moe1_afp4_wfp4_bf16_t32x128x256_w3_kb14_bnt0_go_fp4 blockM=32 -> crash/error
  task 1161: stage1 flydsl_moe1_afp4_wfp4_bf16_t32x128x256_w3_kb14_bnt0_go_xcd4_fp4 blockM=32 -> crash/error
  task 1162: stage1 flydsl_moe1_afp4_wfp4_bf16_t32x128x256_w3_kb14_fp4 blockM=32 -> crash/error
  task 1163: stage1 flydsl_moe1_afp4_wfp4_bf16_t32x128x256_w3_kb14_xcd4_fp4 blockM=32 -> crash/error
  task 1164: stage1 flydsl_moe1_afp4_wfp4_bf16_t32x128x256_w3_kb14_go_fp4 blockM=32 -> crash/error
  task 1165: stage1 flydsl_moe1_afp4_wfp4_bf16_t32x128x256_w3_kb14_go_xcd4_fp4 blockM=32 -> crash/error
  quant_sort benchmark: blockM=32, us=3.2144
  quant_sort benchmark: blockM=64, us=3.2115
  quant_sort benchmark: blockM=128, us=3.2298
Tuning result for ('gfx950', 256, 64, 4096, 256, 512, 10, <ActivationType.Silu: 0>, torch.bfloat16, torch.float4_e2m1fn_x2, torch.float4_e2m1fn_x2, <QuantType.per_1x32: 3>, 1, 0) is (np.int64(32), 'flydsl_moe1_afp4_wfp4_bf16_t32x64x256_w3_fp4', 'flydsl_moe2_afp4_wfp4_bf16_t16x128x256_atomic_persist_sbm32', '0.9%', '0.2%', np.int64(0)) 108.7435 us, 37.03 TFLOPS, 14818.35 GB/s
  quant_sort benchmark: blockM=64, us=50.2646
  quant_sort benchmark: blockM=128, us=49.8251
  quant_sort benchmark: blockM=32, us=49.7006
Tuning result for ('gfx950', 256, 16384, 4096, 256, 512, 10, <ActivationType.Silu: 0>, torch.bfloat16, torch.float4_e2m1fn_x2, torch.float4_e2m1fn_x2, <QuantType.per_1x32: 3>, 1, 0) is (np.int64(64), 'flydsl_moe1_afp4_wfp4_bf16_t64x128x256_w4_bnt0_xcd4_fp4', 'flydsl_moe2_afp4_wfp4_bf16_t64x256x256_reduce_bnt2_xcd4', '0.8%', '0.0%', np.int64(0)) 935.607 us, 1101.74 TFLOPS, 1936.65 GB/s
Not exist tuned file: /sgl-workspace/aiter/aiter/configs/profile_fmoe.csv
Not exist tuned file: /home/ethany/tuning_workspace/experiment_standalone/hold_qwen35_397b_a17b_mxfp4_tuning/analysis/fmoe/tuned_full.csv
      gfx cu_num  token model_dim  ... xbf16 flat   tflops        bw
0  gfx950    256     64      4096  ...     0    0    37.03  14818.35
1  gfx950    256  16384      4096  ...     0    0  1101.74   1936.65

[2 rows x 28 columns]
[aiter] Failed shapes:
Empty DataFrame
Columns: [gfx, cu_num, token, model_dim, inter_dim, expert, topk, act_type, dtype, q_dtype_a, q_dtype_w, q_type, use_g1u1, doweight_stage1, block_m, ksplit, us1, kernelName1, err1, us2, kernelName2, err2, us, run_1stage, xbf16, flat, tflops, bw]
Index: []
