[aiter] import [module_aiter_core] under /sgl-workspace/aiter/aiter/jit/module_aiter_core.so
[aiter] Setting AITER_CONFIG_FMOE=/home/ethany/tuning_workspace/experiment_standalone/hold_qwen35_397b_a17b_mxfp4_tuning/analysis/fmoe/tuned_full.csv for benchmark
      gfx  cu_num  token  model_dim  ...  xbf16  flat   tflops        bw
0  gfx950     256     64       4096  ...      0     0    37.03  14818.35
1  gfx950     256  16384       4096  ...      0     0  1101.74   1936.65

[2 rows x 28 columns]
=== Running production operator benchmark (tuned) ===
[aiter] [pid=387711 pname=MainProcess] start build [module_moe_asm] under /sgl-workspace/aiter/aiter/jit/build/module_moe_asm
[aiter] Current hipcc not support: -mllvm -amdgpu-coerce-illegal-types=1, skip it.
[aiter] [pid=387711 pname=MainProcess] [32mfinish build [module_moe_asm], cost 24.1s [0m
[aiter] import [module_moe_asm] under /sgl-workspace/aiter/aiter/jit/module_moe_asm.so
[aiter] import [module_aiter_core] under /sgl-workspace/aiter/aiter/jit/module_aiter_core.so
[aiter] [fused_moe] using 2stage (kernelName1='flydsl_moe1_afp4_wfp4_bf16_t32x64x256_w3_fp4', kernelName2='flydsl_moe2_afp4_wfp4_bf16_t16x128x256_atomic_persist_sbm32') for ('gfx950', 256, 64, 4096, 256, 512, 10, 'ActivationType.Silu', 'torch.bfloat16', 'torch.float4_e2m1fn_x2', 'torch.float4_e2m1fn_x2', 'QuantType.per_1x32', True, False) 
[aiter] [pid=387711 pname=MainProcess] start build [module_moe_sorting_opus] under /sgl-workspace/aiter/aiter/jit/build/module_moe_sorting_opus
[aiter] [pid=387711 pname=MainProcess] [32mfinish build [module_moe_sorting_opus], cost 7.0s [0m
[aiter] import [module_moe_sorting_opus] under /sgl-workspace/aiter/aiter/jit/module_moe_sorting_opus.so
[aiter] [pid=387711 pname=MainProcess] start build [module_quant] under /sgl-workspace/aiter/aiter/jit/build/module_quant
[aiter] [pid=387711 pname=MainProcess] [32mfinish build [module_quant], cost 13.4s [0m
[aiter] import [module_quant] under /sgl-workspace/aiter/aiter/jit/module_quant.so
[W820 15:11:13.129592608 collection.cpp:1133] Warning: ROCTracer produced duplicate flow start: 2 (function operator())
[aiter] run_config (64, 4096, 256, E=512, topk=10, ActivationType.Silu, torch.bfloat16, torch.float4_e2m1fn_x2, torch.float4_e2m1fn_x2, QuantType.per_1x32, g1u1=True, dw_s1=False)[checkAllclose atol=0.01 rtol=0.01 [31mfailed![0m]
    a    : torch.Size([64, 4096])
           tensor([ 0.6289,  0.1406,  0.6719, -0.6328,  0.6406,  1.0391, -0.0830, -1.7344],
       device='cuda:0', dtype=torch.bfloat16)
    b    : torch.Size([64, 4096])
           tensor([ 0.6719,  0.1641,  0.6055, -0.5781,  0.6133,  1.0625, -0.1338, -1.6953],
       device='cuda:0', dtype=torch.bfloat16)
    delta:
           tensor([0.0430, 0.0234, 0.0664, 0.0547, 0.0273, 0.0234, 0.0508, 0.0391],
       device='cuda:0', dtype=torch.bfloat16)
[aiter] -->max abs delta:0.5234375, delta details: 63.1% (165422 of 262144) elements
[aiter] [fused_moe] using 2stage (kernelName1='flydsl_moe1_afp4_wfp4_bf16_t64x128x256_w4_bnt0_xcd4_fp4', kernelName2='flydsl_moe2_afp4_wfp4_bf16_t64x256x256_reduce_bnt2_xcd4') for ('gfx950', 256, 16384, 4096, 256, 512, 10, 'ActivationType.Silu', 'torch.bfloat16', 'torch.float4_e2m1fn_x2', 'torch.float4_e2m1fn_x2', 'QuantType.per_1x32', True, False) 
[aiter] run_config (16384, 4096, 256, E=512, topk=10, ActivationType.Silu, torch.bfloat16, torch.float4_e2m1fn_x2, torch.float4_e2m1fn_x2, QuantType.per_1x32, g1u1=True, dw_s1=False)[checkAllclose atol=0.01 rtol=0.01 [31mfailed![0m]
    a    : torch.Size([16384, 4096])
           tensor([ 0.1074, -0.3066, -2.1875,  1.7344, -1.2578,  0.0635, -1.7109, -0.6328],
       device='cuda:0', dtype=torch.bfloat16)
    b    : torch.Size([16384, 4096])
           tensor([ 0.1377, -0.2314, -2.1250,  1.7734, -1.2188,  0.0118, -1.7422, -0.6719],
       device='cuda:0', dtype=torch.bfloat16)
    delta:
           tensor([0.0303, 0.0752, 0.0625, 0.0391, 0.0391, 0.0518, 0.0312, 0.0391],
       device='cuda:0', dtype=torch.bfloat16)
[aiter] -->max abs delta:0.9375, delta details: 59.8% (40115722 of 67108864) elements
============= Benchmark (tuned) Benchmark Results =============
Shape                                    | Kernel(us) |    E2E(us) |   Status
-----------------------------------------------------------------------------
(64, 4096, 256, E=512, topk=10, ActivationType.Silu, torch.bfloat16, torch.float4_e2m1fn_x2, torch.float4_e2m1fn_x2, QuantType.per_1x32, g1u1=True, dw_s1=False) |     108.74 |     121.56 |       OK
keys: gfx=gfx950, cu_num=256, token=64, model_dim=4096, inter_dim=256, expert=512, topk=10, act_type=ActivationType.Silu, dtype=torch.bfloat16, q_dtype_a=torch.float4_e2m1fn_x2, q_dtype_w=torch.float4_e2m1fn_x2, q_type=QuantType.per_1x32, use_g1u1=1, doweight_stage1=0
(16384, 4096, 256, E=512, topk=10, ActivationType.Silu, torch.bfloat16, torch.float4_e2m1fn_x2, torch.float4_e2m1fn_x2, QuantType.per_1x32, g1u1=True, dw_s1=False) |     935.61 |     994.08 |       OK
keys: gfx=gfx950, cu_num=256, token=16384, model_dim=4096, inter_dim=256, expert=512, topk=10, act_type=ActivationType.Silu, dtype=torch.bfloat16, q_dtype_a=torch.float4_e2m1fn_x2, q_dtype_w=torch.float4_e2m1fn_x2, q_type=QuantType.per_1x32, use_g1u1=1, doweight_stage1=0
